
> frontend@1.0.0 build
> vite build

[36mvite v5.4.21 [32mbuilding for production...[36m[39m
transforming...
[32m✓[39m 2461 modules transformed.
[31mx[39m Build failed in 2.68s
[31merror during build:
[31msrc/App.jsx (8:7): "default" is not exported by "src/components/Sidebar.jsx", imported by "src/App.jsx".[31m
file: [36mC:/Users/khush/SmartVyapari/Odoo-hackathon_Smart-Vyapari/frontend/src/App.jsx:8:7[31m
[33m
 6: 
 7: // 2. Import your Components
 8: import Sidebar from './components/Sidebar';
           ^
 9: import Dashboard from './pages/Dashboard';
10: import Products from './pages/Products';
[31m
    at getRollupError (file:///C:/Users/khush/SmartVyapari/Odoo-hackathon_Smart-Vyapari/frontend/node_modules/rollup/dist/es/shared/parseAst.js:402:41)
    at error (file:///C:/Users/khush/SmartVyapari/Odoo-hackathon_Smart-Vyapari/frontend/node_modules/rollup/dist/es/shared/parseAst.js:398:42)
    at Module.error (file:///C:/Users/khush/SmartVyapari/Odoo-hackathon_Smart-Vyapari/frontend/node_modules/rollup/dist/es/shared/node-entry.js:17040:16)
    at Module.traceVariable (file:///C:/Users/khush/SmartVyapari/Odoo-hackathon_Smart-Vyapari/frontend/node_modules/rollup/dist/es/shared/node-entry.js:17452:29)
    at ModuleScope.findVariable (file:///C:/Users/khush/SmartVyapari/Odoo-hackathon_Smart-Vyapari/frontend/node_modules/rollup/dist/es/shared/node-entry.js:15070:39)
    at FunctionScope.findVariable (file:///C:/Users/khush/SmartVyapari/Odoo-hackathon_Smart-Vyapari/frontend/node_modules/rollup/dist/es/shared/node-entry.js:5673:38)
    at FunctionBodyScope.findVariable (file:///C:/Users/khush/SmartVyapari/Odoo-hackathon_Smart-Vyapari/frontend/node_modules/rollup/dist/es/shared/node-entry.js:5673:38)
    at Identifier.bind (file:///C:/Users/khush/SmartVyapari/Odoo-hackathon_Smart-Vyapari/frontend/node_modules/rollup/dist/es/shared/node-entry.js:5447:40)
    at CallExpression.bind (file:///C:/Users/khush/SmartVyapari/Odoo-hackathon_Smart-Vyapari/frontend/node_modules/rollup/dist/es/shared/node-entry.js:2825:28)
    at CallExpression.bind (file:///C:/Users/khush/SmartVyapari/Odoo-hackathon_Smart-Vyapari/frontend/node_modules/rollup/dist/es/shared/node-entry.js:12179:15)[39m
